{"type":"short_answer","status":"passed","responseSaved":true}
{"type":"paragraph","status":"passed","responseSaved":true}
{"type":"email","status":"passed","responseSaved":true}
{"type":"phone","status":"passed","responseSaved":true}
{"type":"full_name","status":"passed","responseSaved":true}
{"type":"address","status":"passed","responseSaved":true}
{"type":"website","status":"passed","responseSaved":true}
{"type":"number","status":"passed","responseSaved":true}
{"type":"currency","status":"passed","responseSaved":true}
{"type":"password","status":"passed","responseSaved":true}
{"type":"multiple_choice","status":"passed","responseSaved":true}
{"type":"multiselect","status":"passed","responseSaved":true}
{"type":"dropdown","status":"passed","responseSaved":true}
{"type":"picture_choice","status":"passed","responseSaved":true}
{"type":"image_multiselect","status":"passed","responseSaved":true}
{"type":"switch","status":"passed","responseSaved":true}
{"type":"checkbox","status":"passed","responseSaved":true}
{"type":"checkboxes","status":"failed","error":"locator.waitFor: Timeout 5000ms exceeded.\n"}
{"type":"terms","status":"failed","error":"locator.waitFor: Timeout 5000ms exceeded.\n"}
{"type":"segmented","status":"failed","error":"locator.waitFor: Timeout 5000ms exceeded.\n"}
{"type":"choice_matrix","status":"passed","responseSaved":true}
{"type":"matrix_multiselect","status":"passed","responseSaved":true}
{"type":"ranking","status":"passed","responseSaved":true}
{"type":"rating","status":"passed","responseSaved":true}
{"type":"opinion_scale","status":"passed","responseSaved":true}
{"type":"slider","status":"passed","responseSaved":true}
{"type":"nps","status":"passed","responseSaved":true}
{"type":"emoji_rating","status":"passed","responseSaved":true}
{"type":"thumbs","status":"passed","responseSaved":true}
{"type":"like_dislike","status":"passed","responseSaved":true}
{"type":"audio_recorder","status":"passed","responseSaved":true}
{"type":"date","status":"passed","responseSaved":true}
{"type":"time","status":"passed","responseSaved":true}
{"type":"datetime","status":"passed","responseSaved":true}
{"type":"date_range","status":"passed","responseSaved":true}
{"type":"scheduler","status":"passed","responseSaved":true}
{"type":"file_upload","status":"passed","responseSaved":true}
{"type":"image_upload","status":"passed","responseSaved":true}
{"type":"signature","status":"passed","responseSaved":true}
{"type":"color_picker","status":"passed","responseSaved":true}
{"type":"video_embed","status":"passed","responseSaved":true}
{"type":"heading","status":"passed","responseSaved":true}
{"type":"subheading","status":"passed","responseSaved":true}
{"type":"banner","status":"passed","responseSaved":true}
{"type":"divider","status":"passed","responseSaved":true}
{"type":"image_display","status":"passed","responseSaved":true}
{"type":"rich_text","status":"passed","responseSaved":true}
{"type":"accordion","status":"passed","responseSaved":true}
{"type":"calculation","status":"passed","responseSaved":true}
